
> darazwebautomation@1.0.0 test
> playwright test


Running 1 test using 1 worker

Logging in...
Opening cart via icon...

--- Opening Cart via icon ---
Γ£ô Clicked cart icon (force)
Selecting product checkbox...

--- Selecting Checkbox for: Galaxy S25 Ultra ---
Γ£ô Found product: Galaxy S25 Ultra
Γ£ô Checkbox selected
Removing product...

--- Removing Product: Galaxy S25 Ultra ---
Γ£ô Located product: Galaxy S25 Ultra
Γ£ô Delete icon clicked
Γ£ô Remove button clicked
Verifying removal...

--- Verifying Removal of: Galaxy S25 Ultra ---
node.exe : Γ£ù Product Galaxy S25 Ultra still exists in cart (1 instances)
At line:1 char:1
+ & "C:\Program Files\nodejs/node.exe" "C:\Program Files\nodejs/node_mo ...
+ ~~~~~~~~~~~~~~~~~~~~~~~~~~~~~~~~~~~~~~~~~~~~~~~~~~~~~~~~~~~~~~~~~~~~~
    + CategoryInfo          : NotSpecified: (Γ£ù Product Gal...t (1 instances) 
   :String) [], RemoteException
    + FullyQualifiedErrorId : NativeCommandError
 
Error in verifyRemoved: Product Galaxy S25 Ultra was not removed
Test failed: Product Galaxy S25 Ultra was not removed
  Γ£ÿ  1 tests\home.spec.js:123:6 ΓÇ║ Remove item from cart (30.5s)


  1) tests\home.spec.js:123:6 ΓÇ║ Remove item from cart ΓöÇΓöÇΓöÇΓöÇΓöÇΓöÇΓöÇΓöÇΓöÇΓöÇΓöÇΓöÇΓöÇΓöÇΓöÇΓöÇΓöÇΓöÇΓöÇΓöÇΓöÇΓöÇΓöÇΓöÇΓöÇΓöÇΓöÇΓöÇΓöÇΓöÇΓöÇΓöÇΓöÇΓöÇΓöÇΓöÇΓöÇΓöÇΓöÇΓöÇΓöÇΓöÇΓöÇΓöÇΓöÇΓöÇ

    Error: Product Galaxy S25 Ultra was not removed

       at ..\pages\Removeitem.js:159

      157 |             } else {
      158 |                 console.error(`Γ£ù Product ${productName} still exists in cart (${count} instances)`);
    > 159 |                 throw new Error(`Product ${productName} was not removed`);
          |                       ^
      160 |             }
      161 |             
      162 |         } catch (error) {
        at Removeitem.verifyRemoved (D:\ovy\Automation_Project\DarazWebAutomation\pages\Removeitem.js:159:23)
        at D:\ovy\Automation_Project\DarazWebAutomation\tests\home.spec.js:154:5

    Error Context: test-results\home-Remove-item-from-cart\error-context.md

  1 failed
    tests\home.spec.js:123:6 ΓÇ║ Remove item from cart ΓöÇΓöÇΓöÇΓöÇΓöÇΓöÇΓöÇΓöÇΓöÇΓöÇΓöÇΓöÇΓöÇΓöÇΓöÇΓöÇΓöÇΓöÇΓöÇΓöÇΓöÇΓöÇΓöÇΓöÇΓöÇΓöÇΓöÇΓöÇΓöÇΓöÇΓöÇΓöÇΓöÇΓöÇΓöÇΓöÇΓöÇΓöÇΓöÇΓöÇΓöÇΓöÇΓöÇΓöÇΓöÇΓöÇΓöÇ
